#-----------------------------------------------------------
# Vivado v2023.1 (64-bit)
# SW Build 3865809 on Sun May  7 15:04:56 MDT 2023
# IP Build 3864474 on Sun May  7 20:36:21 MDT 2023
# SharedData Build 3865790 on Sun May 07 13:33:03 MDT 2023
# Start of session at: Sun Nov 26 13:51:48 2023
# Process ID: 228227
# Current directory: /home/bogdan/Facultate/AN3/SSC/Project/ssc-vhdl-project/vhdl-project/vhdl-project.runs/impl_1
# Command line: vivado -log Nexys4DdrUserDemo.vdi -applog -product Vivado -messageDb vivado.pb -mode batch -source Nexys4DdrUserDemo.tcl -notrace
# Log file: /home/bogdan/Facultate/AN3/SSC/Project/ssc-vhdl-project/vhdl-project/vhdl-project.runs/impl_1/Nexys4DdrUserDemo.vdi
# Journal file: /home/bogdan/Facultate/AN3/SSC/Project/ssc-vhdl-project/vhdl-project/vhdl-project.runs/impl_1/vivado.jou
# Running On: VivoBook, OS: Linux, CPU Frequency: 2126.610 MHz, CPU Physical cores: 4, Host memory: 12376 MB
#-----------------------------------------------------------
source Nexys4DdrUserDemo.tcl -notrace
